[    1888ms] [ERROR] Permissions policy violation: accelerometer is not allowed in this document. @ https://www.makemytrip.com/xBkHlZTZtJDex68slWJs/3auShVcYXiEzwz/SUhwTQ/Yj/1WO2dGcScB:0
[    1888ms] [WARNING] The deviceorientation events are blocked by permissions policy. See https://github.com/w3c/webappsec-permissions-policy/blob/master/features.md#sensor-features @ https://www.makemytrip.com/xBkHlZTZtJDex68slWJs/3auShVcYXiEzwz/SUhwTQ/Yj/1WO2dGcScB:0
[    1888ms] [ERROR] Permissions policy violation: accelerometer is not allowed in this document. @ https://www.makemytrip.com/xBkHlZTZtJDex68slWJs/3auShVcYXiEzwz/SUhwTQ/Yj/1WO2dGcScB:0
[    1888ms] [WARNING] The devicemotion events are blocked by permissions policy. See https://github.com/w3c/webappsec-permissions-policy/blob/master/features.md#sensor-features @ https://www.makemytrip.com/xBkHlZTZtJDex68slWJs/3auShVcYXiEzwz/SUhwTQ/Yj/1WO2dGcScB:0
[    2976ms] [WARNING] Unable to create a text session because the service is not running. @ https://www.makemytrip.com/:0
[    2994ms] [LOG] userInfo is not found in sessionStorage @ https://jsak.mmtcdn.com/pwa_v3/pwa_commons/build/client/js/5028.43a21df7f6266e3596cd.js:1
[    2994ms] [WARNING] No output language was specified in a Summarizer API request. An output language should be specified to ensure optimal output quality and properly attest to output safety. Please specify a supported output language code: [de, en, es, fr, ja] @ https://www.makemytrip.com/:0
[    3029ms] [LOG] userInfo is not found in sessionStorage @ https://jsak.mmtcdn.com/pwa_v3/pwa_commons/build/client/js/5028.43a21df7f6266e3596cd.js:1
[    3480ms] [LOG] userInfo is not found in sessionStorage @ https://jsak.mmtcdn.com/pwa_v3/pwa_commons/build/client/js/5028.43a21df7f6266e3596cd.js:1
[    3526ms] [WARNING] Unsatisfied version 19.2.3 from pwa-mmt-hlp of shared singleton module react (required =18.2.0) @ https://jsak.mmtcdn.com/pwa_v3/flights_search_ui_assets/mmtFlightsSearchRemoteEntry.js?v=MTk4MzI0OQ==:0
[    3530ms] [WARNING] Unsatisfied version 19.2.3 from pwa-mmt-hlp of shared singleton module react-dom (required =18.2.0) @ https://jsak.mmtcdn.com/pwa_v3/flights_search_ui_assets/mmtFlightsSearchRemoteEntry.js?v=MTk4MzI0OQ==:0
[    3629ms] [LOG] userInfo is not found in sessionStorage @ https://jsak.mmtcdn.com/pwa_v3/pwa_commons/build/client/js/5028.43a21df7f6266e3596cd.js:1
[    3629ms] [LOG] userInfo is not found in sessionStorage @ https://jsak.mmtcdn.com/pwa_v3/pwa_commons/build/client/js/5028.43a21df7f6266e3596cd.js:1
[    3630ms] [LOG] userInfo is not found in sessionStorage @ https://jsak.mmtcdn.com/pwa_v3/pwa_commons/build/client/js/5028.43a21df7f6266e3596cd.js:1
[    3630ms] [LOG] userInfo is not found in sessionStorage @ https://jsak.mmtcdn.com/pwa_v3/pwa_commons/build/client/js/5028.43a21df7f6266e3596cd.js:1
[    3951ms] [WARNING] Unsatisfied version 7.4.10 from pwa-mmt-hlp of shared singleton module react-day-picker (required =7.4.0) @ https://jsak.mmtcdn.com/pwa_v3/flights_search_ui_assets/mmtFlightsSearchRemoteEntry.js?v=MTk4MzI0OQ==:0
[    5070ms] [LOG] userInfo is not found in sessionStorage @ https://jsak.mmtcdn.com/pwa_v3/flights_search_ui_assets/2121.4ec0dbe5a7972ea14620.bundle.js:0
[    5070ms] [LOG] userInfo is not found in sessionStorage @ https://jsak.mmtcdn.com/pwa_v3/flights_search_ui_assets/2121.4ec0dbe5a7972ea14620.bundle.js:0
[    5071ms] [LOG] userInfo is not found in sessionStorage @ https://jsak.mmtcdn.com/pwa_v3/flights_search_ui_assets/2121.4ec0dbe5a7972ea14620.bundle.js:0
[    5071ms] [LOG] userInfo is not found in sessionStorage @ https://jsak.mmtcdn.com/pwa_v3/flights_search_ui_assets/2121.4ec0dbe5a7972ea14620.bundle.js:0
[    8182ms] [LOG] userInfo is not found in sessionStorage @ https://jsak.mmtcdn.com/pwa_v3/pwa_commons/build/client/js/5028.43a21df7f6266e3596cd.js:1
[    8281ms] [ERROR] Failed to load resource: the server responded with a status of 404 () @ https://mapi.makemytrip.com/ext/web/pwa/prefill/login/details?region=in&currency=inr&user-currency=INR&language=eng:0
[    8316ms] [VERBOSE] [DOM] Input elements should have autocomplete attributes (suggested: "current-password"): (More info: https://goo.gl/9p2vKq) %o @ https://www.makemytrip.com/:0
[   16018ms] [WARNING] The resource https://imgak.mmtcdn.com/pwa_v3/pwa_commons_assets/desktop/B2CHeaderSprite@1.png was preloaded using link preload but not used within a few seconds from the window's load event. Please make sure it has an appropriate `as` value and it is preloaded intentionally. @ https://www.makemytrip.com/:0
[   16018ms] [WARNING] The resource https://imgak.mmtcdn.com/pwa_v3/pwa_header_assets/loginPersuassionRoad.jpg was preloaded using link preload but not used within a few seconds from the window's load event. Please make sure it has an appropriate `as` value and it is preloaded intentionally. @ https://www.makemytrip.com/:0
[   22033ms] [WARNING] The resource https://imgak.mmtcdn.com/pwa_v3/pwa_commons_assets/desktop/B2CHeaderSprite@1.png was preloaded using link preload but not used within a few seconds from the window's load event. Please make sure it has an appropriate `as` value and it is preloaded intentionally. @ https://www.makemytrip.com/:0
[   22033ms] [WARNING] The resource https://imgak.mmtcdn.com/pwa_v3/pwa_header_assets/loginPersuassionRoad.jpg was preloaded using link preload but not used within a few seconds from the window's load event. Please make sure it has an appropriate `as` value and it is preloaded intentionally. @ https://www.makemytrip.com/:0
[  306536ms] [WARNING] The resource https://imgak.mmtcdn.com/pwa_v3/pwa_commons_assets/desktop/B2CHeaderSprite@1.png was preloaded using link preload but not used within a few seconds from the window's load event. Please make sure it has an appropriate `as` value and it is preloaded intentionally. @ https://www.makemytrip.com/:0
[  306536ms] [WARNING] The resource https://imgak.mmtcdn.com/pwa_v3/pwa_header_assets/loginPersuassionRoad.jpg was preloaded using link preload but not used within a few seconds from the window's load event. Please make sure it has an appropriate `as` value and it is preloaded intentionally. @ https://www.makemytrip.com/:0
